// Jest Snapshot v1, https://goo.gl/fbAQLP

exports[`<Signup /> should render the heading 1`] = `
<form
  data-testid="signup-form"
>
  <div
    class="flex flex-wrap -mx-3 mb-6"
  >
    <div
      class="w-full px-3"
    >
      <label
        class="block uppercase tracking-wide text-gray-700 text-xs font-bold mb-2"
        for="email"
      >
        Email
      </label>
      <input
        class="appearance-none block w-full bg-gray-200 text-gray-700 border border-gray-200 rounded py-3 px-4 leading-tight focus:outline-none focus:bg-white focus:border-gray-500"
        data-testid="signup-input-email"
        id="email"
        label="Email"
        name="email"
        placeholder="Type your email"
        type="email"
        value=""
      />
    </div>
  </div>
  <div
    class="flex flex-wrap -mx-3 mb-6"
  >
    <div
      class="w-full px-3"
    >
      <label
        class="block uppercase tracking-wide text-gray-700 text-xs font-bold mb-2"
        for="password"
      >
        Password
      </label>
      <input
        class="appearance-none block w-full bg-gray-200 text-gray-700 border border-gray-200 rounded py-3 px-4 leading-tight focus:outline-none focus:bg-white focus:border-gray-500"
        data-testid="signup-input-password"
        id="password"
        label="Password"
        name="password"
        placeholder="Type your password"
        type="password"
        value=""
      />
    </div>
  </div>
  <button
    class="bg-blue-500 hover:bg-blue-700 text-white font-bold py-2 px-4 rounded"
    type="submit"
  >
    Register
  </button>
</form>
`;
